[36mvite v8.0.10 [32mbuilding client environment for production...[36m[39m
[2K
transforming...Γ£ô 2395 modules transformed.
rendering chunks...
computing gzip size...
dist/index.html                     0.45 kB Γöé gzip:   0.29 kB
dist/assets/index-BMicatMX.css     13.58 kB Γöé gzip:   3.50 kB
dist/assets/index-Z5xcqCvt.js   1,086.17 kB Γöé gzip: 327.59 kB

npm : [33m[plugin builtin:vite-reporter] 
At line:1 char:109
+ ... t-Analysis-Compliance-Engine\frontend'; npm run -s build 2>&1 | Tee-O ...
+                                             ~~~~~~~~~~~~~~~~~~~~~
    + CategoryInfo          : NotSpecified: ([33m[plugin builtin:vite-reporte 
   r] :String) [], RemoteException
    + FullyQualifiedErrorId : NativeCommandError
 
(!) Some chunks are larger than 500 kB after minification. Consider:
- Using dynamic import() to code-split the application
- Use build.rolldownOptions.output.codeSplitting to improve chunking: 
https://rolldown.rs/reference/OutputOptions.codeSplitting
- Adjust chunk size limit for this warning via 
build.chunkSizeWarningLimit.[39m
[33m[33m[PLUGIN_TIMINGS] Warning:[0m Your build spent significant time in 
plugins. Here is a breakdown:
  - rolldown:vite-resolve (45%)
  - vite:css (42%)
See https://rolldown.rs/options/checks#plugintimings for more details.
[39m
[32mΓ£ô built in 4.49s[39m
